This is pdfTeX, Version 3.1415926-1.40.10 (MiKTeX 2.8) (preloaded format=pdflatex 2010.4.8)  19 MAY 2010 18:16
entering extended mode
**C:/Documents*and*Settings/Osvaldo/Desktop/Osvaldo/Doutorado/Textos*do*Doutora
do*(LaTeX)/Equação*de*Calor/Equacao_de_Calor_Grupos_de_Lie.tex

("C:/Documents and Settings/Osvaldo/Desktop/Osvaldo/Doutorado/Textos do Doutora
do (LaTeX)/Equação de Calor/Equacao_de_Calor_Grupos_de_Lie.tex"
LaTeX2e <2009/09/24>
Babel <v3.8l> and hyphenation patterns for english, dumylang, nohyphenation, ge
rman, ngerman, german-x-2009-06-19, ngerman-x-2009-06-19, french, portuguese, l
oaded.
("C:\Arquivos de programas\MiKTeX 2.8\tex\latex\base\article.cls"
Document Class: article 2007/10/19 v1.4h Standard LaTeX document class
("C:\Arquivos de programas\MiKTeX 2.8\tex\latex\base\size12.clo"
File: size12.clo 2007/10/19 v1.4h Standard LaTeX file (size option)
)
\c@part=\count79
\c@section=\count80
\c@subsection=\count81
\c@subsubsection=\count82
\c@paragraph=\count83
\c@subparagraph=\count84
\c@figure=\count85
\c@table=\count86
\abovecaptionskip=\skip41
\belowcaptionskip=\skip42
\bibindent=\dimen102
)
("C:\Arquivos de programas\MiKTeX 2.8\tex\generic\babel\babel.sty"
Package: babel 2008/07/06 v3.8l The Babel package

*************************************
* Local config file bblopts.cfg used
*
("C:\Arquivos de programas\MiKTeX 2.8\tex\latex\00miktex\bblopts.cfg"
File: bblopts.cfg 2006/07/31 v1.0 MiKTeX 'babel' configuration
)
("C:\Arquivos de programas\MiKTeX 2.8\tex\generic\babel\portuges.ldf"
Language: portuges 2008/03/18 v1.2q Portuguese support from the babel system

("C:\Arquivos de programas\MiKTeX 2.8\tex\generic\babel\babel.def"
File: babel.def 2008/07/06 v3.8l Babel common definitions
\babel@savecnt=\count87
\U@D=\dimen103
)
Package babel Info: Making " an active character on input line 145.
))
("C:\Arquivos de programas\MiKTeX 2.8\tex\latex\base\inputenc.sty"
Package: inputenc 2008/03/30 v1.1d Input encoding file
\inpenc@prehook=\toks14
\inpenc@posthook=\toks15

("C:\Arquivos de programas\MiKTeX 2.8\tex\latex\base\latin1.def"
File: latin1.def 2008/03/30 v1.1d Input encoding file
))
("C:\Arquivos de programas\MiKTeX 2.8\tex\latex\graphics\graphicx.sty"
Package: graphicx 1999/02/16 v1.0f Enhanced LaTeX Graphics (DPC,SPQR)

("C:\Arquivos de programas\MiKTeX 2.8\tex\latex\graphics\keyval.sty"
Package: keyval 1999/03/16 v1.13 key=value parser (DPC)
\KV@toks@=\toks16
)
("C:\Arquivos de programas\MiKTeX 2.8\tex\latex\graphics\graphics.sty"
Package: graphics 2009/02/05 v1.0o Standard LaTeX Graphics (DPC,SPQR)

("C:\Arquivos de programas\MiKTeX 2.8\tex\latex\graphics\trig.sty"
Package: trig 1999/03/16 v1.09 sin cos tan (DPC)
)
("C:\Arquivos de programas\MiKTeX 2.8\tex\latex\00miktex\graphics.cfg"
File: graphics.cfg 2007/01/18 v1.5 graphics configuration of teTeX/TeXLive
)
Package graphics Info: Driver file: pdftex.def on input line 91.

("C:\Arquivos de programas\MiKTeX 2.8\tex\latex\pdftex-def\pdftex.def"
File: pdftex.def 2009/08/25 v0.04m Graphics/color for pdfTeX
\Gread@gobject=\count88
))
\Gin@req@height=\dimen104
\Gin@req@width=\dimen105
)
("C:\Arquivos de programas\MiKTeX 2.8\tex\latex\ams\math\amsmath.sty"
Package: amsmath 2000/07/18 v2.13 AMS math features
\@mathmargin=\skip43

For additional information on amsmath, use the `?' option.
("C:\Arquivos de programas\MiKTeX 2.8\tex\latex\ams\math\amstext.sty"
Package: amstext 2000/06/29 v2.01

("C:\Arquivos de programas\MiKTeX 2.8\tex\latex\ams\math\amsgen.sty"
File: amsgen.sty 1999/11/30 v2.0
\@emptytoks=\toks17
\ex@=\dimen106
))
("C:\Arquivos de programas\MiKTeX 2.8\tex\latex\ams\math\amsbsy.sty"
Package: amsbsy 1999/11/29 v1.2d
\pmbraise@=\dimen107
)
("C:\Arquivos de programas\MiKTeX 2.8\tex\latex\ams\math\amsopn.sty"
Package: amsopn 1999/12/14 v2.01 operator names
)
\inf@bad=\count89
LaTeX Info: Redefining \frac on input line 211.
\uproot@=\count90
\leftroot@=\count91
LaTeX Info: Redefining \overline on input line 307.
\classnum@=\count92
\DOTSCASE@=\count93
LaTeX Info: Redefining \ldots on input line 379.
LaTeX Info: Redefining \dots on input line 382.
LaTeX Info: Redefining \cdots on input line 467.
\Mathstrutbox@=\box26
\strutbox@=\box27
\big@size=\dimen108
LaTeX Font Info:    Redeclaring font encoding OML on input line 567.
LaTeX Font Info:    Redeclaring font encoding OMS on input line 568.
\macc@depth=\count94
\c@MaxMatrixCols=\count95
\dotsspace@=\muskip10
\c@parentequation=\count96
\dspbrk@lvl=\count97
\tag@help=\toks18
\row@=\count98
\column@=\count99
\maxfields@=\count100
\andhelp@=\toks19
\eqnshift@=\dimen109
\alignsep@=\dimen110
\tagshift@=\dimen111
\tagwidth@=\dimen112
\totwidth@=\dimen113
\lineht@=\dimen114
\@envbody=\toks20
\multlinegap=\skip44
\multlinetaggap=\skip45
\mathdisplay@stack=\toks21
LaTeX Info: Redefining \[ on input line 2666.
LaTeX Info: Redefining \] on input line 2667.
)
("C:\Arquivos de programas\MiKTeX 2.8\tex\latex\amsfonts\amsfonts.sty"
Package: amsfonts 2009/06/22 v3.00 Basic AMSFonts support
\symAMSa=\mathgroup4
\symAMSb=\mathgroup5
LaTeX Font Info:    Overwriting math alphabet `\mathfrak' in version `bold'
(Font)                  U/euf/m/n --> U/euf/b/n on input line 96.
)
("C:\Arquivos de programas\MiKTeX 2.8\tex\latex\jknappen\mathrsfs.sty"
Package: mathrsfs 1996/01/01 Math RSFS package v1.0 (jk)
\symrsfs=\mathgroup6
)
("C:\Arquivos de programas\MiKTeX 2.8\tex\latex\amsfonts\amssymb.sty"
Package: amssymb 2009/06/22 v3.00
)
("C:\Arquivos de programas\MiKTeX 2.8\tex\latex\tools\multicol.sty"
Package: multicol 2008/12/05 v1.6h multicolumn formatting (FMi)
\c@tracingmulticols=\count101
\mult@box=\box28
\multicol@leftmargin=\dimen115
\c@unbalance=\count102
\c@collectmore=\count103
\doublecol@number=\count104
\multicoltolerance=\count105
\multicolpretolerance=\count106
\full@width=\dimen116
\page@free=\dimen117
\premulticols=\dimen118
\postmulticols=\dimen119
\multicolsep=\skip46
\multicolbaselineskip=\skip47
\partial@page=\box29
\last@line=\box30
\mult@rightbox=\box31
\mult@grightbox=\box32
\mult@gfirstbox=\box33
\mult@firstbox=\box34
\@tempa=\box35
\@tempa=\box36
\@tempa=\box37
\@tempa=\box38
\@tempa=\box39
\@tempa=\box40
\@tempa=\box41
\@tempa=\box42
\@tempa=\box43
\@tempa=\box44
\@tempa=\box45
\@tempa=\box46
\@tempa=\box47
\@tempa=\box48
\@tempa=\box49
\@tempa=\box50
\@tempa=\box51
\c@columnbadness=\count107
\c@finalcolumnbadness=\count108
\last@try=\dimen120
\multicolovershoot=\dimen121
\multicolundershoot=\dimen122
\mult@nat@firstbox=\box52
\colbreak@box=\box53
)
("C:\Documents and Settings\Osvaldo\Dados de aplicativos\MiKTeX\2.8\tex\latex\f
ancyhdr\fancyhdr.sty"
\fancy@headwidth=\skip48
\f@ncyO@elh=\skip49
\f@ncyO@erh=\skip50
\f@ncyO@olh=\skip51
\f@ncyO@orh=\skip52
\f@ncyO@elf=\skip53
\f@ncyO@erf=\skip54
\f@ncyO@olf=\skip55
\f@ncyO@orf=\skip56
)
("C:\Arquivos de programas\MiKTeX 2.8\tex\latex\base\makeidx.sty"
Package: makeidx 2000/03/29 v1.0m Standard LaTeX package
)
("C:\Arquivos de programas\MiKTeX 2.8\tex\latex\geometry\geometry.sty"
Package: geometry 2008/12/21 v4.2 Page Geometry

("C:\Arquivos de programas\MiKTeX 2.8\tex\generic\oberdiek\ifpdf.sty"
Package: ifpdf 2010/01/28 v2.1 Provides the ifpdf switch (HO)
Package ifpdf Info: pdfTeX in pdf mode detected.
)
("C:\Arquivos de programas\MiKTeX 2.8\tex\generic\oberdiek\ifvtex.sty"
Package: ifvtex 2008/11/04 v1.4 Switches for detecting VTeX and its modes (HO)
Package ifvtex Info: VTeX not detected.
)
\Gm@cnth=\count109
\Gm@cntv=\count110
\c@Gm@tempcnt=\count111
\Gm@bindingoffset=\dimen123
\Gm@wd@mp=\dimen124
\Gm@odd@mp=\dimen125
\Gm@even@mp=\dimen126
\Gm@dimlist=\toks22

("C:\Arquivos de programas\MiKTeX 2.8\tex\latex\geometry\geometry.cfg"))
("C:\Arquivos de programas\MiKTeX 2.8\tex\latex\hyperref\hyperref.sty"
Package: hyperref 2010/02/08 v6.80e Hypertext links for LaTeX

("C:\Arquivos de programas\MiKTeX 2.8\tex\generic\oberdiek\kvsetkeys.sty"
Package: kvsetkeys 2010/01/28 v1.8 Key value parser (HO)

("C:\Arquivos de programas\MiKTeX 2.8\tex\generic\oberdiek\infwarerr.sty"
Package: infwarerr 2007/09/09 v1.2 Providing info/warning/message (HO)
)
("C:\Arquivos de programas\MiKTeX 2.8\tex\generic\oberdiek\etexcmds.sty"
Package: etexcmds 2010/01/28 v1.3 Prefix for e-TeX command names (HO)
Package etexcmds Info: Could not find \expanded.
(etexcmds)             That can mean that you are not using pdfTeX 1.50 or
(etexcmds)             that some package has redefined \expanded.
(etexcmds)             In the latter case, load this package earlier.
))
("C:\Arquivos de programas\MiKTeX 2.8\tex\generic\oberdiek\pdfescape.sty"
Package: pdfescape 2007/11/11 v1.8 Provides hex, PDF name and string conversion
s (HO)

("C:\Arquivos de programas\MiKTeX 2.8\tex\generic\oberdiek\pdftexcmds.sty"
Package: pdftexcmds 2009/12/12 v0.7 Utility functions of pdfTeX for LuaTeX (HO)


("C:\Arquivos de programas\MiKTeX 2.8\tex\generic\oberdiek\ifluatex.sty"
Package: ifluatex 2009/04/17 v1.2 Provides the ifluatex switch (HO)
Package ifluatex Info: LuaTeX not detected.
)
("C:\Arquivos de programas\MiKTeX 2.8\tex\generic\oberdiek\ltxcmds.sty"
Package: ltxcmds 2010/01/28 v1.2 LaTeX kernel commands for general use (HO)
)
Package pdftexcmds Info: LuaTeX not detected.
Package pdftexcmds Info: \pdf@primitive is available.
Package pdftexcmds Info: \pdf@ifprimitive is available.
))
("C:\Arquivos de programas\MiKTeX 2.8\tex\latex\ifxetex\ifxetex.sty"
Package: ifxetex 2009/01/23 v0.5 Provides ifxetex conditional
)
("C:\Arquivos de programas\MiKTeX 2.8\tex\latex\oberdiek\hycolor.sty"
Package: hycolor 2009/12/12 v1.6 Color options of hyperref/bookmark (HO)

("C:\Arquivos de programas\MiKTeX 2.8\tex\latex\oberdiek\xcolor-patch.sty"
Package: xcolor-patch 2009/12/12 xcolor patch
))
("C:\Arquivos de programas\MiKTeX 2.8\tex\latex\oberdiek\letltxmacro.sty"
Package: letltxmacro 2008/06/24 v1.3 Let assignment for LaTeX macros (HO)
)
\@linkdim=\dimen127
\Hy@linkcounter=\count112
\Hy@pagecounter=\count113

("C:\Arquivos de programas\MiKTeX 2.8\tex\latex\hyperref\pd1enc.def"
File: pd1enc.def 2010/02/08 v6.80e Hyperref: PDFDocEncoding definition (HO)
)
("C:\Arquivos de programas\MiKTeX 2.8\tex\generic\oberdiek\intcalc.sty"
Package: intcalc 2007/09/27 v1.1 Expandable integer calculations (HO)
)
("C:\Arquivos de programas\MiKTeX 2.8\tex\latex\00miktex\hyperref.cfg"
File: hyperref.cfg 2002/06/06 v1.2 hyperref configuration of TeXLive
)
("C:\Arquivos de programas\MiKTeX 2.8\tex\latex\oberdiek\kvoptions.sty"
Package: kvoptions 2009/12/08 v3.6 Keyval support for LaTeX options (HO)
)
Package hyperref Info: Option `plainpages' set `false' on input line 3215.
Package hyperref Info: Option `pdfpagelabels' set `true' on input line 3215.
Package hyperref Info: Option `colorlinks' set `true' on input line 3215.
Package hyperref Info: Option `bookmarksopen' set `true' on input line 3215.
Package hyperref Info: Hyper figures OFF on input line 3296.
Package hyperref Info: Link nesting OFF on input line 3301.
Package hyperref Info: Hyper index ON on input line 3304.
Package hyperref Info: Plain pages OFF on input line 3311.
Package hyperref Info: Backreferencing ON on input line 3314.

Implicit mode ON; LaTeX internals redefined
Package hyperref Info: Bookmarks ON on input line 3512.
("C:\Arquivos de programas\MiKTeX 2.8\tex\latex\hyperref\backref.sty"
Package: backref 2010/01/25 v1.34 Bibliographical back referencing

("C:\Arquivos de programas\MiKTeX 2.8\tex\latex\oberdiek\rerunfilecheck.sty"
Package: rerunfilecheck 2010/01/25 v1.3 Rerun checks for auxiliary files (HO)

("C:\Arquivos de programas\MiKTeX 2.8\tex\latex\oberdiek\atveryend.sty"
Package: atveryend 2010/01/25 v1.4 Hooks at very end of document (HO)
Package atveryend Info: \enddocument detected (standard).
)
("C:\Arquivos de programas\MiKTeX 2.8\tex\generic\oberdiek\uniquecounter.sty"
Package: uniquecounter 2009/12/18 v1.1 Provides unlimited unique counter (HO)

("C:\Arquivos de programas\MiKTeX 2.8\tex\generic\oberdiek\bigintcalc.sty"
Package: bigintcalc 2007/11/11 v1.1 Expandable big integer calculations (HO)
))
Package uniquecounter Info: New unique counter `rerunfilecheck' on input line 2
70.
))
("C:\Arquivos de programas\MiKTeX 2.8\tex\latex\ltxmisc\url.sty"
\Urlmuskip=\muskip11
Package: url 2006/04/12  ver 3.3  Verb mode for urls, etc.
)
LaTeX Info: Redefining \url on input line 3749.

("C:\Arquivos de programas\MiKTeX 2.8\tex\generic\oberdiek\bitset.sty"
Package: bitset 2007/09/28 v1.0 Data type bit set (HO)
)
\Fld@menulength=\count114
\Field@Width=\dimen128
\Fld@charsize=\dimen129
\Field@toks=\toks23
Package hyperref Info: Hyper figures OFF on input line 4708.
Package hyperref Info: Link nesting OFF on input line 4713.
Package hyperref Info: Hyper index ON on input line 4716.
Package hyperref Info: backreferencing ON on input line 4721.
Package hyperref Info: Link coloring ON on input line 4726.
Package hyperref Info: Link coloring with OCG OFF on input line 4733.
Package hyperref Info: PDF/A mode OFF on input line 4738.
LaTeX Info: Redefining \ref on input line 4778.
LaTeX Info: Redefining \pageref on input line 4782.

("C:\Arquivos de programas\MiKTeX 2.8\tex\generic\oberdiek\atbegshi.sty"
Package: atbegshi 2009/12/02 v1.10 At begin shipout hook (HO)
)
\Hy@abspage=\count115
\c@Item=\count116
\c@Hfootnote=\count117
)
*hyperref using driver hpdftex*
("C:\Arquivos de programas\MiKTeX 2.8\tex\latex\hyperref\hpdftex.def"
File: hpdftex.def 2010/02/08 v6.80e Hyperref driver for pdfTeX
\Fld@listcount=\count118
\c@bookmark@seq@number=\count119
\Hy@SectionHShift=\skip57
)
("C:\Documents and Settings\Osvaldo\Dados de aplicativos\MiKTeX\2.8\tex\latex\s
ectsty\sectsty.sty"
Package: sectsty 2002/02/25 v2.0.2 Commands to change all sectional heading sty
les
)
\@indexfile=\write3

Writing index file Equacao_de_Calor_Grupos_de_Lie.idx

("C:\Documents and Settings\Osvaldo\Desktop\Osvaldo\Doutorado\Textos do Doutora
do (LaTeX)\Equação de Calor\Equacao_de_Calor_Grupos_de_Lie.aux"
("C:\Documents and Settings\Osvaldo\Desktop\Osvaldo\Doutorado\Textos do Doutora
do (LaTeX)\Equação de Calor\1.aux")
("C:\Documents and Settings\Osvaldo\Desktop\Osvaldo\Doutorado\Textos do Doutora
do (LaTeX)\Equação de Calor\2.aux")
("C:\Documents and Settings\Osvaldo\Desktop\Osvaldo\Doutorado\Textos do Doutora
do (LaTeX)\Equação de Calor\3.aux")
("C:\Documents and Settings\Osvaldo\Desktop\Osvaldo\Doutorado\Textos do Doutora
do (LaTeX)\Equação de Calor\4.aux")
("C:\Documents and Settings\Osvaldo\Desktop\Osvaldo\Doutorado\Textos do Doutora
do (LaTeX)\Equação de Calor\5.aux")
("C:\Documents and Settings\Osvaldo\Desktop\Osvaldo\Doutorado\Textos do Doutora
do (LaTeX)\Equação de Calor\6.aux"))
LaTeX Font Info:    Checking defaults for OML/cmm/m/it on input line 67.
LaTeX Font Info:    ... okay on input line 67.
LaTeX Font Info:    Checking defaults for T1/cmr/m/n on input line 67.
LaTeX Font Info:    ... okay on input line 67.
LaTeX Font Info:    Checking defaults for OT1/cmr/m/n on input line 67.
LaTeX Font Info:    ... okay on input line 67.
LaTeX Font Info:    Checking defaults for OMS/cmsy/m/n on input line 67.
LaTeX Font Info:    ... okay on input line 67.
LaTeX Font Info:    Checking defaults for OMX/cmex/m/n on input line 67.
LaTeX Font Info:    ... okay on input line 67.
LaTeX Font Info:    Checking defaults for U/cmr/m/n on input line 67.
LaTeX Font Info:    ... okay on input line 67.
LaTeX Font Info:    Checking defaults for PD1/pdf/m/n on input line 67.
LaTeX Font Info:    ... okay on input line 67.

("C:\Arquivos de programas\MiKTeX 2.8\tex\context\base\supp-pdf.tex"
[Loading MPS to PDF converter (version 2006.09.02).]
\scratchcounter=\count120
\scratchdimen=\dimen130
\scratchbox=\box54
\nofMPsegments=\count121
\nofMParguments=\count122
\everyMPshowfont=\toks24
\MPscratchCnt=\count123
\MPscratchDim=\dimen131
\MPnumerator=\count124
\everyMPtoPDFconversion=\toks25
)
*geometry auto-detecting driver*
*geometry detected driver: pdftex*
-------------------- Geometry parameters
paper: a4paper
landscape: --
twocolumn: --
twoside: --
asymmetric: --
h-parts: 56.9055pt, 483.69687pt, 56.9055pt
v-parts: 56.9055pt, 759.6886pt, 28.45274pt
hmarginratio: --
vmarginratio: --
lines: --
heightrounded: --
bindingoffset: 0.0pt
truedimen: --
includehead: --
includefoot: --
includemp: --
driver: pdftex
-------------------- Page layout dimensions and switches
\paperwidth  597.50787pt
\paperheight 845.04684pt
\textwidth  483.69684pt
\textheight 640.187pt
\oddsidemargin  -15.36449pt
\evensidemargin -15.36449pt
\topmargin  -52.36449pt
\headheight 28.0pt
\headsep    25.0pt
\footskip   30.0pt
\marginparwidth 35.0pt
\marginparsep   10.0pt
\columnsep  10.0pt
\skip\footins  10.8pt plus 4.0pt minus 2.0pt
\hoffset 0.0pt
\voffset 0.0pt
\mag 1000

(1in=72.27pt, 1cm=28.45pt)
-----------------------
("C:\Arquivos de programas\MiKTeX 2.8\tex\latex\graphics\color.sty"
Package: color 2005/11/14 v1.0j Standard LaTeX Color (DPC)

("C:\Arquivos de programas\MiKTeX 2.8\tex\latex\00miktex\color.cfg"
File: color.cfg 2007/01/18 v1.5 color configuration of teTeX/TeXLive
)
Package color Info: Driver file: pdftex.def on input line 130.
)
Package hyperref Info: Link coloring ON on input line 67.

("C:\Arquivos de programas\MiKTeX 2.8\tex\latex\hyperref\nameref.sty"
Package: nameref 2010/01/25 v2.36 Cross-referencing by name of section

("C:\Arquivos de programas\MiKTeX 2.8\tex\latex\oberdiek\refcount.sty"
Package: refcount 2008/08/11 v3.1 Data extraction from references (HO)
)
("C:\Arquivos de programas\MiKTeX 2.8\tex\generic\oberdiek\gettitlestring.sty"
Package: gettitlestring 2009/12/18 v1.3 Cleanup title references (HO)
)
\c@section@level=\count125
)
LaTeX Info: Redefining \ref on input line 67.
LaTeX Info: Redefining \pageref on input line 67.

("C:\Documents and Settings\Osvaldo\Desktop\Osvaldo\Doutorado\Textos do Doutora
do (LaTeX)\Equação de Calor\Equacao_de_Calor_Grupos_de_Lie.out")
("C:\Documents and Settings\Osvaldo\Desktop\Osvaldo\Doutorado\Textos do Doutora
do (LaTeX)\Equação de Calor\Equacao_de_Calor_Grupos_de_Lie.out")
\@outlinefile=\write4
\AtBeginShipoutBox=\box55

("C:\Documents and Settings\Osvaldo\Desktop\Osvaldo\Doutorado\Textos do Doutora
do (LaTeX)\Equação de Calor\Equacao_de_Calor_Grupos_de_Lie.toc"
LaTeX Font Info:    Try loading font information for U+msa on input line 3.

("C:\Arquivos de programas\MiKTeX 2.8\tex\latex\amsfonts\umsa.fd"
File: umsa.fd 2009/06/22 v3.00 AMS symbols A
)
LaTeX Font Info:    Try loading font information for U+msb on input line 3.

("C:\Arquivos de programas\MiKTeX 2.8\tex\latex\amsfonts\umsb.fd"
File: umsb.fd 2009/06/22 v3.00 AMS symbols B
)
LaTeX Font Info:    Try loading font information for U+rsfs on input line 3.

("C:\Arquivos de programas\MiKTeX 2.8\tex\latex\jknappen\ursfs.fd"
File: ursfs.fd 1998/03/24 rsfs font definition file (jk)
))
\tf@toc=\write5
 [1{C:/Documents and Settings/Osvaldo/Configurações locais/Dados de aplicativos
/MiKTeX/2.8/pdftex/config/pdftex.map}

]
("C:\Documents and Settings\Osvaldo\Desktop\Osvaldo\Doutorado\Textos do Doutora
do (LaTeX)\Equação de Calor\1.tex") [2

pdfTeX warning (ext4): destination with the same identifier (name{equation.1.8}
) has been already used, duplicate ignored

\AtBegShi@Output ...ipout \box \AtBeginShipoutBox 
                                                  \fi \fi 
l.73 \include{1}
                ]
("C:\Documents and Settings\Osvaldo\Desktop\Osvaldo\Doutorado\Textos do Doutora
do (LaTeX)\Equação de Calor\2.tex"pdfTeX warning (ext4): destination with the s
ame identifier (name{equation.1.8}) has been already used, duplicate ignored
<to be read again> 
                   \relax 
l.6 \begin{eqnarray}
                    ) [3


pdfTeX warning (ext4): destination with the same identifier (name{equation.1.10
}) has been already used, duplicate ignored

\AtBegShi@Output ...ipout \box \AtBeginShipoutBox 
                                                  \fi \fi 
l.74 \include{2}
                pdfTeX warning (ext4): destination with the same identifier (na
me{equation.1.10}) has been already used, duplicate ignored

\AtBegShi@Output ...ipout \box \AtBeginShipoutBox 
                                                  \fi \fi 
l.74 \include{2}
                ]
("C:\Documents and Settings\Osvaldo\Desktop\Osvaldo\Doutorado\Textos do Doutora
do (LaTeX)\Equação de Calor\3.tex") [4


pdfTeX warning (ext4): destination with the same identifier (name{equation.1.13
}) has been already used, duplicate ignored

\AtBegShi@Output ...ipout \box \AtBeginShipoutBox 
                                                  \fi \fi 
l.75 \include{3}
                pdfTeX warning (ext4): destination with the same identifier (na
me{equation.1.13}) has been already used, duplicate ignored

\AtBegShi@Output ...ipout \box \AtBeginShipoutBox 
                                                  \fi \fi 
l.75 \include{3}
                ]
("C:\Documents and Settings\Osvaldo\Desktop\Osvaldo\Doutorado\Textos do Doutora
do (LaTeX)\Equação de Calor\4.tex"pdfTeX warning (ext4): destination with the s
ame identifier (name{equation.1.13}) has been already used, duplicate ignored
<to be read again> 
                   \relax 
l.6 \begin{eqnarray}
                    pdfTeX warning (ext4): destination with the same identifier
 (name{equation.1.13}) has been already used, duplicate ignored
<to be read again> 
                   \relax 
l.15 \begin{eqnarray}
                     pdfTeX warning (ext4): destination with the same identifie
r (name{equation.1.13}) has been already used, duplicate ignored
<to be read again> 
                   \relax 
l.25 \begin{eqnarray}
                     pdfTeX warning (ext4): destination with the same identifie
r (name{equation.1.13}) has been already used, duplicate ignored
<to be read again> 
                   \relax 
l.36 \begin{eqnarray}
                     ) [5


]
("C:\Documents and Settings\Osvaldo\Desktop\Osvaldo\Doutorado\Textos do Doutora
do (LaTeX)\Equação de Calor\5.tex"pdfTeX warning (ext4): destination with the s
ame identifier (name{equation.1.13}) has been already used, duplicate ignored
<to be read again> 
                   \relax 
l.12 \begin{eqnarray}
                     pdfTeX warning (ext4): destination with the same identifie
r (name{equation.1.13}) has been already used, duplicate ignored
<to be read again> 
                   \relax 
l.43 \begin{eqnarray}
                     ) [6


]
("C:\Documents and Settings\Osvaldo\Desktop\Osvaldo\Doutorado\Textos do Doutora
do (LaTeX)\Equação de Calor\6.tex"pdfTeX warning (ext4): destination with the s
ame identifier (name{equation.1.13}) has been already used, duplicate ignored
<to be read again> 
                   \relax 
l.26 \begin{eqnarray}
                     pdfTeX warning (ext4): destination with the same identifie
r (name{equation.1.13}) has been already used, duplicate ignored
<to be read again> 
                   \relax 
l.57 \begin{eqnarray}
                      [7


]pdfTeX warning (ext4): destination with the same identifier (name{equation.1.1
3}) has been already used, duplicate ignored
<to be read again> 
                   \relax 
l.67 \begin{eqnarray}
                     pdfTeX warning (ext4): destination with the same identifie
r (name{equation.1.13}) has been already used, duplicate ignored
<to be read again> 
                   \relax 
l.77 \begin{eqnarray}
                     ) [8]
("C:\Documents and Settings\Osvaldo\Desktop\Osvaldo\Doutorado\Textos do Doutora
do (LaTeX)\Equação de Calor\Equacao_de_Calor_Grupos_de_Lie.brf")
\tf@brf=\write6

("C:\Documents and Settings\Osvaldo\Desktop\Osvaldo\Doutorado\Textos do Doutora
do (LaTeX)\Equação de Calor\Equacao_de_Calor_Grupos_de_Lie.ind")
Package atveryend Info: Empty hook `BeforeClearDocument' on input line 96.
 [9

]
Package atveryend Info: Empty hook `AfterLastShipout' on input line 96.

("C:\Documents and Settings\Osvaldo\Desktop\Osvaldo\Doutorado\Textos do Doutora
do (LaTeX)\Equação de Calor\Equacao_de_Calor_Grupos_de_Lie.aux"
("C:\Documents and Settings\Osvaldo\Desktop\Osvaldo\Doutorado\Textos do Doutora
do (LaTeX)\Equação de Calor\1.aux")
("C:\Documents and Settings\Osvaldo\Desktop\Osvaldo\Doutorado\Textos do Doutora
do (LaTeX)\Equação de Calor\2.aux")
("C:\Documents and Settings\Osvaldo\Desktop\Osvaldo\Doutorado\Textos do Doutora
do (LaTeX)\Equação de Calor\3.aux")
("C:\Documents and Settings\Osvaldo\Desktop\Osvaldo\Doutorado\Textos do Doutora
do (LaTeX)\Equação de Calor\4.aux")
("C:\Documents and Settings\Osvaldo\Desktop\Osvaldo\Doutorado\Textos do Doutora
do (LaTeX)\Equação de Calor\5.aux")
("C:\Documents and Settings\Osvaldo\Desktop\Osvaldo\Doutorado\Textos do Doutora
do (LaTeX)\Equação de Calor\6.aux"))
Package atveryend Info: Executing hook `AtVeryEndDocument' on input line 96.
Package rerunfilecheck Info: File `Equacao_de_Calor_Grupos_de_Lie.out' has not 
changed.
(rerunfilecheck)             Checksum: 9CBFB1FA617C403885688679B1A7A8D8;636.
Package rerunfilecheck Info: File `Equacao_de_Calor_Grupos_de_Lie.brf' has not 
changed.
(rerunfilecheck)             Checksum: D41D8CD98F00B204E9800998ECF8427E;0.
 ) 
Here is how much of TeX's memory you used:
 6592 strings out of 495257
 100746 string characters out of 3178845
 185326 words of memory out of 3000000
 9595 multiletter control sequences out of 15000+200000
 10990 words of font info for 42 fonts, out of 3000000 for 9000
 16 hyphenation exceptions out of 8191
 42i,13n,43p,777b,346s stack positions out of 5000i,500n,10000p,200000b,50000s
<C:/Arquivos de programas/MiKTeX 2.8/fonts/type1/public/amsfonts/cm/cmbx12.pf
b><C:/Arquivos de programas/MiKTeX 2.8/fonts/type1/public/amsfonts/cm/cmex10.pf
b><C:/Arquivos de programas/MiKTeX 2.8/fonts/type1/public/amsfonts/cm/cmmi12.pf
b><C:/Arquivos de programas/MiKTeX 2.8/fonts/type1/public/amsfonts/cm/cmmi8.pfb
><C:/Arquivos de programas/MiKTeX 2.8/fonts/type1/public/amsfonts/cm/cmr12.pfb>
<C:/Arquivos de programas/MiKTeX 2.8/fonts/type1/public/amsfonts/cm/cmr6.pfb><C
:/Arquivos de programas/MiKTeX 2.8/fonts/type1/public/amsfonts/cm/cmr8.pfb><C:/
Arquivos de programas/MiKTeX 2.8/fonts/type1/public/amsfonts/cm/cmsy10.pfb><C:/
Arquivos de programas/MiKTeX 2.8/fonts/type1/public/amsfonts/cm/cmsy6.pfb><C:/A
rquivos de programas/MiKTeX 2.8/fonts/type1/public/amsfonts/cm/cmsy8.pfb><C:/Ar
quivos de programas/MiKTeX 2.8/fonts/type1/public/amsfonts/cm/cmti12.pfb>
Output written on Equacao_de_Calor_Grupos_de_Lie.pdf (9 pages, 150537 bytes).
PDF statistics:
 151 PDF objects out of 1000 (max. 8388607)
 28 named destinations out of 1000 (max. 500000)
 65 words of extra memory for PDF output out of 10000 (max. 10000000)

